srun: warning: can't run 1 processes on 2 nodes, setting nnodes to 1
No surfaceHeatBoundaryData.type specified, so zero flux set. Only relevant for amr.isothermal = false !!!
../src/L1L2ConstitutiveRelation.cpp:473: Assertion `resNorm < 2.0 * m_solverTol' failed. !!!
[sh03-09n01:31858] *** Process received signal ***
[sh03-09n01:31858] Signal: Aborted (6)
[sh03-09n01:31858] Signal code:  (-6)
[sh03-09n01:31858] [ 0] /lib64/libpthread.so.0(+0xf630)[0x7fbc465f7630]
[sh03-09n01:31858] [ 1] /lib64/libc.so.6(gsignal+0x37)[0x7fbc46250387]
[sh03-09n01:31858] [ 2] /lib64/libc.so.6(abort+0x148)[0x7fbc46251a78]
[sh03-09n01:31858] [ 3] /home/groups/jsuckale/liuwj/BISICLES_parallel/code/exec-multiVersion-pfasst/./driver2d.Linux.64.mpicxx.mpifort.DEBUG.MPI.ex[0x70081c]
[sh03-09n01:31858] [ 4] /home/groups/jsuckale/liuwj/BISICLES_parallel/code/exec-multiVersion-pfasst/./driver2d.Linux.64.mpicxx.mpifort.DEBUG.MPI.ex[0x56b6d6]
[sh03-09n01:31858] [ 5] /home/groups/jsuckale/liuwj/BISICLES_parallel/code/exec-multiVersion-pfasst/./driver2d.Linux.64.mpicxx.mpifort.DEBUG.MPI.ex[0x569ecd]
[sh03-09n01:31858] [ 6] /home/groups/jsuckale/liuwj/BISICLES_parallel/code/exec-multiVersion-pfasst/./driver2d.Linux.64.mpicxx.mpifort.DEBUG.MPI.ex[0x56966f]
[sh03-09n01:31858] [ 7] /home/groups/jsuckale/liuwj/BISICLES_parallel/code/exec-multiVersion-pfasst/./driver2d.Linux.64.mpicxx.mpifort.DEBUG.MPI.ex[0x5974dd]
[sh03-09n01:31858] [ 8] /home/groups/jsuckale/liuwj/BISICLES_parallel/code/exec-multiVersion-pfasst/./driver2d.Linux.64.mpicxx.mpifort.DEBUG.MPI.ex[0x55ea3a]
[sh03-09n01:31858] [ 9] /home/groups/jsuckale/liuwj/BISICLES_parallel/code/exec-multiVersion-pfasst/./driver2d.Linux.64.mpicxx.mpifort.DEBUG.MPI.ex[0x55e618]
[sh03-09n01:31858] [10] /home/groups/jsuckale/liuwj/BISICLES_parallel/code/exec-multiVersion-pfasst/./driver2d.Linux.64.mpicxx.mpifort.DEBUG.MPI.ex[0x56266c]
[sh03-09n01:31858] [11] /home/groups/jsuckale/liuwj/BISICLES_parallel/code/exec-multiVersion-pfasst/./driver2d.Linux.64.mpicxx.mpifort.DEBUG.MPI.ex[0x5617f3]
[sh03-09n01:31858] [12] /home/groups/jsuckale/liuwj/BISICLES_parallel/code/exec-multiVersion-pfasst/./driver2d.Linux.64.mpicxx.mpifort.DEBUG.MPI.ex[0x5634b0]
[sh03-09n01:31858] [13] /home/groups/jsuckale/liuwj/BISICLES_parallel/code/exec-multiVersion-pfasst/./driver2d.Linux.64.mpicxx.mpifort.DEBUG.MPI.ex[0x4cb1a0]
[sh03-09n01:31858] [14] /home/groups/jsuckale/liuwj/BISICLES_parallel/code/exec-multiVersion-pfasst/./driver2d.Linux.64.mpicxx.mpifort.DEBUG.MPI.ex[0x4b3cd0]
[sh03-09n01:31858] [15] /home/groups/jsuckale/liuwj/BISICLES_parallel/code/exec-multiVersion-pfasst/./driver2d.Linux.64.mpicxx.mpifort.DEBUG.MPI.ex[0x4b35bc]
[sh03-09n01:31858] [16] /home/groups/jsuckale/liuwj/BISICLES_parallel/code/exec-multiVersion-pfasst/./driver2d.Linux.64.mpicxx.mpifort.DEBUG.MPI.ex[0x4c1423]
[sh03-09n01:31858] [17] /home/groups/jsuckale/liuwj/BISICLES_parallel/code/exec-multiVersion-pfasst/./driver2d.Linux.64.mpicxx.mpifort.DEBUG.MPI.ex[0x40e425]
[sh03-09n01:31858] [18] /lib64/libc.so.6(__libc_start_main+0xf5)[0x7fbc4623c555]
[sh03-09n01:31858] [19] /home/groups/jsuckale/liuwj/BISICLES_parallel/code/exec-multiVersion-pfasst/./driver2d.Linux.64.mpicxx.mpifort.DEBUG.MPI.ex[0x4090b9]
[sh03-09n01:31858] *** End of error message ***
srun: error: sh03-09n01: task 0: Aborted
srun: Terminating StepId=56097707.0
